Copyright 1986-2022 Xilinx, Inc. All Rights Reserved. Copyright 2022-2026 Advanced Micro Devices, Inc. All Rights Reserved.
--------------------------------------------------------------------------------------------------------------------------------------------------------------------------------------------
| Tool Version : Vivado v.2026.1 (win64) Build 6511674 Tue Jun 16 11:02:23 MDT 2026
| Date         : Sun Sep  6 15:16:05 2026
| Host         : laptop-Quan running 64-bit major release  (build 9200)
| Command      : report_timing_summary -file D:/Jetking_sem4/SEM_4/arty-a7-online-lm-g14-preboard-00/results/A7-NATIVE-GRAPH/GROK-ORCH-00/U6Q-QSE-LEXICON-TIMING-00/report_timing_route.rpt
| Design       : a7ng_u6_typeclass_ooc_top
| Device       : 7a100t-csg324
| Speed File   : -1  PRODUCTION 1.23 2018-06-13
| Design State : Routed
--------------------------------------------------------------------------------------------------------------------------------------------------------------------------------------------

Timing Summary Report

------------------------------------------------------------------------------------------------
| Timer Settings
| --------------
------------------------------------------------------------------------------------------------

  Enable Multi Corner Analysis               :  Yes
  Enable Pessimism Removal                   :  Yes
  Pessimism Removal Resolution               :  Nearest Common Node
  Enable Input Delay Default Clock           :  No
  Enable Preset / Clear Arcs                 :  No
  Disable Flight Delays                      :  No
  Ignore I/O Paths                           :  No
  Timing Early Launch at Borrowing Latches   :  No
  Borrow Time for Max Delay Exceptions       :  Yes
  Merge Timing Exceptions                    :  Yes
  Inter-SLR Compensation                     :  Conservative

  Corner  Analyze    Analyze    
  Name    Max Paths  Min Paths  
  ------  ---------  ---------  
  Slow    Yes        Yes        
  Fast    Yes        Yes        


------------------------------------------------------------------------------------------------
| Report Methodology
| ------------------
------------------------------------------------------------------------------------------------

No report available as report_methodology has not been run prior. Run report_methodology on the current design for the summary of methodology violations.



check_timing report

Table of Contents
-----------------
1. checking no_clock (0)
2. checking constant_clock (0)
3. checking pulse_width_clock (0)
4. checking unconstrained_internal_endpoints (0)
5. checking no_input_delay (50)
6. checking no_output_delay (90)
7. checking multiple_clock (0)
8. checking generated_clocks (0)
9. checking loops (0)
10. checking partial_input_delay (0)
11. checking partial_output_delay (0)
12. checking latch_loops (0)

1. checking no_clock (0)
------------------------
 There are 0 register/latch pins with no clock.


2. checking constant_clock (0)
------------------------------
 There are 0 register/latch pins with constant_clock.


3. checking pulse_width_clock (0)
---------------------------------
 There are 0 register/latch pins which need pulse_width check


4. checking unconstrained_internal_endpoints (0)
------------------------------------------------
 There are 0 pins that are not constrained for maximum delay.

 There are 0 pins that are not constrained for maximum delay due to constant clock.


5. checking no_input_delay (50)
-------------------------------
 There are 0 input ports with no input delay specified.

 There are 50 input ports with no input delay but user has a false path constraint. (MEDIUM)


6. checking no_output_delay (90)
--------------------------------
 There are 0 ports with no output delay specified.

 There are 90 ports with no output delay but user has a false path constraint (MEDIUM)

 There are 0 ports with no output delay but with a timing clock defined on it or propagating through it


7. checking multiple_clock (0)
------------------------------
 There are 0 register/latch pins with multiple clocks.


8. checking generated_clocks (0)
--------------------------------
 There are 0 generated clocks that are not connected to a clock source.


9. checking loops (0)
---------------------
 There are 0 combinational loops in the design.


10. checking partial_input_delay (0)
------------------------------------
 There are 0 input ports with partial input delay specified.


11. checking partial_output_delay (0)
-------------------------------------
 There are 0 ports with partial output delay specified.


12. checking latch_loops (0)
----------------------------
 There are 0 combinational latch loops in the design through latch input



------------------------------------------------------------------------------------------------
| Design Timing Summary
| ---------------------
------------------------------------------------------------------------------------------------

    WNS(ns)      TNS(ns)  TNS Failing Endpoints  TNS Total Endpoints      WHS(ns)      THS(ns)  THS Failing Endpoints  THS Total Endpoints     WPWS(ns)     TPWS(ns)  TPWS Failing Endpoints  TPWS Total Endpoints  
    -------      -------  ---------------------  -------------------      -------      -------  ---------------------  -------------------     --------     --------  ----------------------  --------------------  
      0.163        0.000                      0                 2275        0.132        0.000                      0                 2275        4.500        0.000                       0                  1181  


All user specified timing constraints are met.


------------------------------------------------------------------------------------------------
| Clock Summary
| -------------
------------------------------------------------------------------------------------------------

Clock  Waveform(ns)       Period(ns)      Frequency(MHz)
-----  ------------       ----------      --------------
clk    {0.000 5.000}      10.000          100.000         


------------------------------------------------------------------------------------------------
| Intra Clock Table
| -----------------
------------------------------------------------------------------------------------------------

Clock             WNS(ns)      TNS(ns)  TNS Failing Endpoints  TNS Total Endpoints      WHS(ns)      THS(ns)  THS Failing Endpoints  THS Total Endpoints     WPWS(ns)     TPWS(ns)  TPWS Failing Endpoints  TPWS Total Endpoints  
-----             -------      -------  ---------------------  -------------------      -------      -------  ---------------------  -------------------     --------     --------  ----------------------  --------------------  
clk                 0.163        0.000                      0                 2275        0.132        0.000                      0                 2275        4.500        0.000                       0                  1181  


------------------------------------------------------------------------------------------------
| Inter Clock Table
| -----------------
------------------------------------------------------------------------------------------------

From Clock    To Clock          WNS(ns)      TNS(ns)  TNS Failing Endpoints  TNS Total Endpoints      WHS(ns)      THS(ns)  THS Failing Endpoints  THS Total Endpoints  
----------    --------          -------      -------  ---------------------  -------------------      -------      -------  ---------------------  -------------------  


------------------------------------------------------------------------------------------------
| Other Path Groups Table
| -----------------------
------------------------------------------------------------------------------------------------

Path Group    From Clock    To Clock          WNS(ns)      TNS(ns)  TNS Failing Endpoints  TNS Total Endpoints      WHS(ns)      THS(ns)  THS Failing Endpoints  THS Total Endpoints  
----------    ----------    --------          -------      -------  ---------------------  -------------------      -------      -------  ---------------------  -------------------  


------------------------------------------------------------------------------------------------
| Timing Details
| --------------
------------------------------------------------------------------------------------------------


---------------------------------------------------------------------------------------------------
From Clock:  clk
  To Clock:  clk

Setup :            0  Failing Endpoints,  Worst Slack        0.163ns,  Total Violation        0.000ns
Hold  :            0  Failing Endpoints,  Worst Slack        0.132ns,  Total Violation        0.000ns
PW    :            0  Failing Endpoints,  Worst Slack        4.500ns,  Total Violation        0.000ns
---------------------------------------------------------------------------------------------------


Max Delay Paths
--------------------------------------------------------------------------------------
Slack (MET) :             0.163ns  (required time - arrival time)
  Source:                 u_u6/u_hp/hf_a_reg[s][4]/C
                            (rising edge-triggered cell FDRE clocked by clk  {rise@0.000ns fall@5.000ns period=10.000ns})
  Destination:            u_u6/u_hp/hf_do_swap_reg/D
                            (rising edge-triggered cell FDCE clocked by clk  {rise@0.000ns fall@5.000ns period=10.000ns})
  Path Group:             clk
  Path Type:              Setup (Max at Slow Process Corner)
  Requirement:            10.000ns  (clk rise@10.000ns - clk rise@0.000ns)
  Data Path Delay:        9.784ns  (logic 3.875ns (39.606%)  route 5.909ns (60.394%))
  Logic Levels:           16  (CARRY4=5 LUT3=1 LUT5=2 LUT6=8)
  Clock Path Skew:        -0.049ns (DCD - SCD + CPR)
    Destination Clock Delay (DCD):    0.924ns = ( 10.924 - 10.000 ) 
    Source Clock Delay      (SCD):    0.973ns
    Clock Pessimism Removal (CPR):    0.000ns
  Clock Uncertainty:      0.035ns  ((TSJ^2 + TIJ^2)^1/2 + DJ) / 2 + PE
    Total System Jitter     (TSJ):    0.071ns
    Total Input Jitter      (TIJ):    0.000ns
    Discrete Jitter          (DJ):    0.000ns
    Phase Error              (PE):    0.000ns

    Location             Delay type                Incr(ns)  Path(ns)    Netlist Resource(s)
  -------------------------------------------------------------------    -------------------
                         (clock clk rise edge)        0.000     0.000 r  <hidden>
                                                      0.000     0.000 r  clk
                         net (fo=1180, unset)         0.973     0.973    u_u6/u_hp/clk
    SLICE_X30Y155        FDRE                                         r  u_u6/u_hp/hf_a_reg[s][4]/C
  -------------------------------------------------------------------    -------------------
    SLICE_X30Y155        FDRE (Prop_fdre_C_Q)         0.518     1.491 r  u_u6/u_hp/hf_a_reg[s][4]/Q
                         net (fo=8, routed)           0.825     2.316    u_u6/u_hp/hf_a_reg[s][4]
    SLICE_X33Y155        LUT6 (Prop_lut6_I1_O)        0.124     2.440 r  u_u6/u_hp/hf_nxt[0]_i_25/O
                         net (fo=1, routed)           0.000     2.440    u_u6/u_hp/hf_nxt[0]_i_25_n_0
    SLICE_X33Y155        CARRY4 (Prop_carry4_S[1]_CO[3])
                                                      0.550     2.990 r  u_u6/u_hp/hf_nxt_reg[0]_i_7/CO[3]
                         net (fo=1, routed)           0.000     2.990    u_u6/u_hp/hf_nxt_reg[0]_i_7_n_0
    SLICE_X33Y156        CARRY4 (Prop_carry4_CI_CO[1])
                                                      0.157     3.147 r  u_u6/u_hp/hf_nxt_reg[0]_i_4/CO[1]
                         net (fo=4, routed)           0.790     3.937    u_u6/u_hp/p_1_in
    SLICE_X34Y158        LUT6 (Prop_lut6_I5_O)        0.329     4.266 f  u_u6/u_hp/hf_nxt[0]_i_6/O
                         net (fo=3, routed)           0.314     4.580    u_u6/u_hp/hf_nxt[0]_i_6_n_0
    SLICE_X37Y157        LUT6 (Prop_lut6_I2_O)        0.124     4.704 r  u_u6/u_hp/hf_nxt[0]_i_2/O
                         net (fo=144, routed)         0.893     5.597    u_u6/u_hp/hf_nxt[0]_i_2_n_0
    SLICE_X39Y154        LUT3 (Prop_lut3_I1_O)        0.124     5.721 r  u_u6/u_hp/hf_nxt[2]_i_153/O
                         net (fo=2, routed)           0.313     6.034    u_u6/u_hp/hf_nxt[2]_i_153_n_0
    SLICE_X38Y153        LUT6 (Prop_lut6_I4_O)        0.124     6.158 r  u_u6/u_hp/hf_nxt[2]_i_146/O
                         net (fo=1, routed)           0.302     6.460    u_u6/u_hp/hf_nxt[2]_i_146_n_0
    SLICE_X37Y153        LUT5 (Prop_lut5_I0_O)        0.124     6.584 r  u_u6/u_hp/hf_nxt[2]_i_110/O
                         net (fo=1, routed)           0.000     6.584    u_u6/u_hp/hf_nxt[2]_i_110_n_0
    SLICE_X37Y153        CARRY4 (Prop_carry4_S[1]_CO[3])
                                                      0.550     7.134 r  u_u6/u_hp/hf_nxt_reg[2]_i_63/CO[3]
                         net (fo=1, routed)           0.000     7.134    u_u6/u_hp/hf_nxt_reg[2]_i_63_n_0
    SLICE_X37Y154        CARRY4 (Prop_carry4_CI_CO[3])
                                                      0.114     7.248 r  u_u6/u_hp/hf_nxt_reg[2]_i_30/CO[3]
                         net (fo=1, routed)           0.000     7.248    u_u6/u_hp/hf_nxt_reg[2]_i_30_n_0
    SLICE_X37Y155        CARRY4 (Prop_carry4_CI_CO[2])
                                                      0.228     7.476 f  u_u6/u_hp/hf_nxt_reg[2]_i_12/CO[2]
                         net (fo=2, routed)           0.557     8.033    u_u6/u_hp/beats1
    SLICE_X37Y156        LUT5 (Prop_lut5_I0_O)        0.313     8.346 f  u_u6/u_hp/hf_nxt[2]_i_7/O
                         net (fo=3, routed)           0.724     9.069    u_u6/u_hp/hf_nxt[2]_i_7_n_0
    SLICE_X33Y158        LUT6 (Prop_lut6_I0_O)        0.124     9.193 r  u_u6/u_hp/hf_do_swap_i_11/O
                         net (fo=3, routed)           0.447     9.640    u_u6/u_hp/hf_do_swap_i_11_n_0
    SLICE_X31Y159        LUT6 (Prop_lut6_I2_O)        0.124     9.764 r  u_u6/u_hp/hf_do_swap_i_6/O
                         net (fo=1, routed)           0.586    10.350    u_u6/u_hp/hf_do_swap_i_6_n_0
    SLICE_X32Y158        LUT6 (Prop_lut6_I3_O)        0.124    10.474 f  u_u6/u_hp/hf_do_swap_i_2/O
                         net (fo=1, routed)           0.159    10.633    u_u6/u_hp/hf_do_swap_i_2_n_0
    SLICE_X32Y158        LUT6 (Prop_lut6_I1_O)        0.124    10.757 r  u_u6/u_hp/hf_do_swap_i_1/O
                         net (fo=1, routed)           0.000    10.757    u_u6/u_hp/hf_do_swap_i_1_n_0
    SLICE_X32Y158        FDCE                                         r  u_u6/u_hp/hf_do_swap_reg/D
  -------------------------------------------------------------------    -------------------

                         (clock clk rise edge)       10.000    10.000 r  <hidden>
                                                      0.000    10.000 r  clk
                         net (fo=1180, unset)         0.924    10.924    u_u6/u_hp/clk
    SLICE_X32Y158        FDCE                                         r  u_u6/u_hp/hf_do_swap_reg/C
                         clock pessimism              0.000    10.924    <hidden>
                         clock uncertainty           -0.035    10.889    <hidden>
    SLICE_X32Y158        FDCE (Setup_fdce_C_D)        0.031    10.920    u_u6/u_hp/hf_do_swap_reg
  -------------------------------------------------------------------
                         required time                         10.920    <hidden>
                         arrival time                         -10.757    <hidden>
  -------------------------------------------------------------------
                         slack                                  0.163    <hidden>





Min Delay Paths
--------------------------------------------------------------------------------------
Slack (MET) :             0.132ns  (arrival time - required time)
  Source:                 u_u6/u_scan/ovf_reg/C
                            (rising edge-triggered cell FDCE clocked by clk  {rise@0.000ns fall@5.000ns period=10.000ns})
  Destination:            u_u6/retrieval_overflow_o_reg/D
                            (rising edge-triggered cell FDCE clocked by clk  {rise@0.000ns fall@5.000ns period=10.000ns})
  Path Group:             clk
  Path Type:              Hold (Min at Fast Process Corner)
  Requirement:            0.000ns  (clk rise@0.000ns - clk rise@0.000ns)
  Data Path Delay:        0.273ns  (logic 0.186ns (68.106%)  route 0.087ns (31.894%))
  Logic Levels:           1  (LUT5=1)
  Clock Path Skew:        0.022ns (DCD - SCD - CPR)
    Destination Clock Delay (DCD):    0.432ns
    Source Clock Delay      (SCD):    0.410ns
    Clock Pessimism Removal (CPR):    -0.000ns

    Location             Delay type                Incr(ns)  Path(ns)    Netlist Resource(s)
  -------------------------------------------------------------------    -------------------
                         (clock clk rise edge)        0.000     0.000 r  <hidden>
                                                      0.000     0.000 r  clk
                         net (fo=1180, unset)         0.410     0.410    u_u6/u_scan/clk
    SLICE_X43Y131        FDCE                                         r  u_u6/u_scan/ovf_reg/C
  -------------------------------------------------------------------    -------------------
    SLICE_X43Y131        FDCE (Prop_fdce_C_Q)         0.141     0.551 r  u_u6/u_scan/ovf_reg/Q
                         net (fo=1, routed)           0.087     0.638    u_u6/u_scan/scan_ovf
    SLICE_X42Y131        LUT5 (Prop_lut5_I0_O)        0.045     0.683 r  u_u6/u_scan/retrieval_overflow_o_i_2/O
                         net (fo=1, routed)           0.000     0.683    u_u6/u_scan_n_60
    SLICE_X42Y131        FDCE                                         r  u_u6/retrieval_overflow_o_reg/D
  -------------------------------------------------------------------    -------------------

                         (clock clk rise edge)        0.000     0.000 r  <hidden>
                                                      0.000     0.000 r  clk
                         net (fo=1180, unset)         0.432     0.432    u_u6/clk
    SLICE_X42Y131        FDCE                                         r  u_u6/retrieval_overflow_o_reg/C
                         clock pessimism              0.000     0.432    <hidden>
    SLICE_X42Y131        FDCE (Hold_fdce_C_D)         0.120     0.552    u_u6/retrieval_overflow_o_reg
  -------------------------------------------------------------------
                         required time                         -0.552    <hidden>
                         arrival time                           0.683    <hidden>
  -------------------------------------------------------------------
                         slack                                  0.132    <hidden>





Pulse Width Checks
--------------------------------------------------------------------------------------
Clock Name:         clk
Waveform(ns):       { 0.000 5.000 }
Period(ns):         10.000
Sources:            { clk }

Check Type        Corner  Lib Pin  Reference Pin  Required(ns)  Actual(ns)  Slack(ns)  Location       Pin
Min Period        n/a     FDCE/C   n/a            1.000         10.000      9.000      SLICE_X40Y138  u_u6/FSM_onehot_st_reg[0]/C
Low Pulse Width   Slow    FDCE/C   n/a            0.500         5.000       4.500      SLICE_X40Y138  u_u6/FSM_onehot_st_reg[0]/C
High Pulse Width  Slow    FDCE/C   n/a            0.500         5.000       4.500      SLICE_X40Y138  u_u6/FSM_onehot_st_reg[0]/C



